// Jest Snapshot v1, https://goo.gl/fbAQLP

exports[`should render EditExpensePage 1`] = `
<div>
  <div
    className="page-header"
  >
    <div
      className="content-container"
    >
      <h1
        className="page-header__title"
      >
        Ausgabe bearbeiten
      </h1>
    </div>
  </div>
  <div
    className="content-container"
  >
    <ExpenseForm
      buttonLabel="Speichern"
      cancelButton={
        <button
          className="button button--dark-link"
          onClick={[Function]}
        >
          Abbrechen
        </button>
      }
      deleteButton={
        <button
          className="button button--secondary"
          onClick={[Function]}
        >
          LÃ¶schen
        </button>
      }
      expense={
        Object {
          "amount": 195,
          "createdAt": 0,
          "description": "Gum",
          "id": "1",
          "note": "",
        }
      }
      onSubmit={[Function]}
    />
  </div>
</div>
`;
