// Jest Snapshot v1, https://goo.gl/fbAQLP

exports[`should render login page 1`] = `
<div
  className="box-layout"
>
  <div
    className="box-layout__box"
  >
    <h1
      className="box-layout__title"
    >
      Ausgaben Checker
    </h1>
    <p>
      Hilft dabei, Ausgaben im Blick zu behalten.
    </p>
    <button
      className="button"
      onClick={[Function]}
    >
      Login mit Google
    </button>
  </div>
</div>
`;
